{"components":{"requestBodies":{"modelInput":{"content":{"application/json":{"schema":{"additionalProperties":false,"properties":{"instances":{"items":{"additionalProperties":false,"properties":{"image_bytes":{"properties":{"b64":{"type":"string"}},"type":"object"},"key":{"type":"string"}},"required":["image_bytes","key"],"type":"object"},"type":"array"}},"required":["instances"],"type":"object"}}}}},"responses":{"modelOutput":{"description":"Model output"}}},"info":{"title":"TFServing Predict Request API","version":"1.0"},"openapi":"3.0.0","paths":{"/v1/models/model/versions/1:predict":{"post":{"requestBody":{"$ref":"#/components/requestBodies/modelInput"},"responses":{"200":{"$ref":"#/components/responses/modelOutput"}}}}}}