{"components":{"requestBodies":{"modelInput":{"content":{"application/json":{"schema":{"additionalProperties":false,"properties":{"instances":{"items":{"additionalProperties":false,"properties":{"age":{"type":"number"},"capital_gain":{"type":"number"},"capital_loss":{"type":"number"},"education":{"type":"string"},"education_num":{"type":"number"},"gender":{"type":"string"},"hours_per_week":{"type":"number"},"marital_status":{"type":"string"},"native_country":{"type":"string"},"occupation":{"type":"string"},"race":{"type":"string"},"relationship":{"type":"string"},"workclass":{"type":"string"}},"required":["workclass","age","education","capital_loss","hours_per_week","relationship","marital_status","native_country","education_num","capital_gain","gender","occupation","race"],"type":"object"},"type":"array"}},"required":["instances"],"type":"object"}}}}},"responses":{"modelOutput":{"description":"Model output"}}},"info":{"title":"TFServing Predict Request API","version":"1.0"},"openapi":"3.0.0","paths":{"/v1/models/model/versions/1:predict":{"post":{"requestBody":{"$ref":"#/components/requestBodies/modelInput"},"responses":{"200":{"$ref":"#/components/responses/modelOutput"}}}}}}