{
	"components": {
		"requestBodies": {
			"modelInput": {
				"content": {
					"application/json": {
						"schema": {
							"additionalProperties": false,
							"properties": {
								"instances": {
									"items": {
										"additionalProperties": false,
										"properties": {
											"image_bytes": {
												"properties": {
													"b64": {
														"type": "string"
													}
												},
												"type": "object"
											},
											"key": {
												"type": "string"
											}
										},
										"required": ["key", "image_bytes"],
										"type": "object"
									},
									"type": "array"
								}
							},
							"required": ["instances"],
							"type": "object"
						}
					}
				}
			}
		},
		"responses": {
			"modelOutput": {
				"content": {
					"application/json": {
						"schema": {
							"additionalProperties": false,
							"properties": {
								"predictions": {
									"items": {
										"additionalProperties": false,
										"properties": {
											"key": {
												"type": "string"
											},
											"prediction": {
												"type": "number"
											},
											"scores": {
												"items": {
													"type": "number"
												},
												"maxItems": 6,
												"minItems": 6,
												"type": "array"
											}
										},
										"required": ["scores", "prediction", "key"],
										"type": "object"
									},
									"type": "array"
								}
							},
							"required": ["predictions"],
							"type": "object"
						}
					}
				},
				"description": "Model output"
			}
		}
	},
	"info": {
		"title": "TFServing Predict Request API",
		"version": "1.0"
	},
	"openapi": "3.0.0",
	"paths": {
		"/v1/models/model/versions/1:predict": {
			"post": {
				"requestBody": {
					"$ref": "#/components/requestBodies/modelInput"
				},
				"responses": {
					"200": {
						"$ref": "#/components/responses/modelOutput"
					}
				}
			}
		}
	}
}