{
	"components": {
		"requestBodies": {
			"modelInput": {
				"content": {
					"application/json": {
						"schema": {
							"additionalProperties": false,
							"properties": {
								"inputs": {
									"additionalProperties": false,
									"properties": {
										"b": {
											"items": {
												"items": {
													"items": {
														"type": "number"
													},
													"maxItems": 2,
													"minItems": 2,
													"type": "array"
												},
												"maxItems": 3,
												"minItems": 3,
												"type": "array"
											},
											"maxItems": 2,
											"minItems": 2,
											"type": "array"
										},
										"x": {
											"items": {
												"items": {
													"items": {
														"type": "number"
													},
													"maxItems": 3,
													"minItems": 3,
													"type": "array"
												},
												"maxItems": 2,
												"minItems": 2,
												"type": "array"
											},
											"maxItems": 2,
											"minItems": 2,
											"type": "array"
										}
									},
									"required": ["x", "b"],
									"type": "object"
								}
							},
							"required": ["inputs"],
							"type": "object"
						}
					}
				}
			}
		},
		"responses": {
			"modelOutput": {
				"content": {
					"application/json": {
						"schema": {
							"additionalProperties": false,
							"properties": {
								"outputs": {
									"items": {
										"items": {
											"items": {
												"type": "number"
											},
											"maxItems": 2,
											"minItems": 2,
											"type": "array"
										},
										"maxItems": 2,
										"minItems": 2,
										"type": "array"
									},
									"maxItems": 2,
									"minItems": 2,
									"type": "array"
								}
							},
							"required": ["outputs"],
							"type": "object"
						}
					}
				},
				"description": "Model output"
			}
		}
	},
	"info": {
		"title": "TFServing Predict Request API",
		"version": "1.0"
	},
	"openapi": "3.0.0",
	"paths": {
		"/v1/models/model/versions/1:predict": {
			"post": {
				"requestBody": {
					"$ref": "#/components/requestBodies/modelInput"
				},
				"responses": {
					"200": {
						"$ref": "#/components/responses/modelOutput"
					}
				}
			}
		}
	}
}