{
	"components": {
		"requestBodies": {
			"modelInput": {
				"content": {
					"application/json": {
						"schema": {
							"properties": {
								"inputs": {
									"items": {
										"items": {
											"type": "number"
										},
										"maxItems": 3,
										"minItems": 3,
										"type": "array"
									},
									"maxItems": 3,
									"minItems": 3,
									"type": "array"
								}
							},
							"type": "object",
							"required": ["inputs"],
							"additionalProperties": false
						}
					}
				}
			}
		},
		"responses": {
			"modelOutput": {
				"description": "Model output"
			}
		}
	},
	"info": {
		"title": "TFServing Predict Request API",
		"version": "1.0"
	},
	"openapi": "3.0.0",
	"paths": {
		"/v1/models/model/versions/1:predict": {
			"post": {
				"requestBody": {
					"$ref": "#/components/requestBodies/modelInput"
				},
				"responses": {
					"200": {
						"$ref": "#/components/responses/modelOutput"
					}
				}
			}
		}
	}
}