{
  "components": {
    "requestBodies": {
      "modelInput": {
        "content": {
          "application/json": {
            "schema": {
              "additionalProperties": false,
              "properties": {
                "instances": {
                  "items": {
                    "items": {
                      "type": "number"
                    },
                    "maxItems": 4,
                    "minItems": 4,
                    "type": "array"
                  },
                  "type": "array"
                }
              },
              "required": ["instances"],
              "type": "object"
            }
          }
        }
      }
    },
    "responses": {
      "modelOutput": {
        "content": {
          "application/json": {
            "schema": {
              "additionalProperties": false,
              "properties": {
                "predictions": {
                  "items": {
                    "items": {
                      "type": "number"
                    },
                    "maxItems": 2,
                    "minItems": 2,
                    "type": "array"
                  },
                  "type": "array"
                }
              },
              "required": ["predictions"],
              "type": "object"
            }
          }
        },
        "description": "Model output"
      }
    }
  },
  "info": {
    "title": "TFServing Predict Request API",
    "version": "1.0"
  },
  "openapi": "3.0.0",
  "paths": {
    "/v1/models/model/versions/1:predict": {
      "post": {
        "requestBody": {
          "$ref": "#/components/requestBodies/modelInput"
        },
        "responses": {
          "200": {
            "$ref": "#/components/responses/modelOutput"
          }
        }
      }
    }
  }
}